// Jest Snapshot v1, https://goo.gl/fbAQLP

exports[`UploadMoviePoster Component should render correctly 1`] = `ShallowWrapper {}`;
