// Jest Snapshot v1, https://goo.gl/fbAQLP

exports[`Home Screen  should render correctly 1`] = `ShallowWrapper {}`;
